/workspace/slow-momentum-state/source/bounded_cloud.py: OK
TRAIN samples=2526; fitting training-only GP
FIT trend seed=2001 updates=64 loss=0.878657
FIT trend seed=2001 updates=128 loss=0.983373
FIT trend seed=2001 updates=192 loss=0.831912
FIT trend seed=2001 updates=256 loss=1.561481
FIT trend_cpd seed=2001 updates=64 loss=0.882940
FIT trend_cpd seed=2001 updates=128 loss=0.981777
FIT trend_cpd seed=2001 updates=192 loss=0.823708
FIT trend_cpd seed=2001 updates=256 loss=1.569668
FIT trend seed=2002 updates=64 loss=0.899178
FIT trend seed=2002 updates=128 loss=0.875006
FIT trend seed=2002 updates=192 loss=1.081438
FIT trend seed=2002 updates=256 loss=0.842606
FIT trend_cpd seed=2002 updates=64 loss=0.899625
FIT trend_cpd seed=2002 updates=128 loss=0.864343
FIT trend_cpd seed=2002 updates=192 loss=1.075970
FIT trend_cpd seed=2002 updates=256 loss=0.842503
FIT trend seed=2003 updates=64 loss=0.859312
FIT trend seed=2003 updates=128 loss=0.888915
FIT trend seed=2003 updates=192 loss=0.659766
FIT trend seed=2003 updates=256 loss=1.595044
FIT trend_cpd seed=2003 updates=64 loss=0.857869
FIT trend_cpd seed=2003 updates=128 loss=0.891158
FIT trend_cpd seed=2003 updates=192 loss=0.653609
FIT trend_cpd seed=2003 updates=256 loss=1.586668
{
  "status": "STOP_PREDICTION_INCREMENT_NOT_ESTABLISHED",
  "blocks": [
    {
      "dates": [
        "2023-01-01",
        "2023-07-01"
      ],
      "trend": {
        "n": 694,
        "days": 180,
        "mse": 0.9178109778909873,
        "direction_hit": 0.5360230547550432,
        "pooled_pearson": 0.1317316194315923,
        "mean_daily_rank_ic": 0.12611111111111112,
        "rank_days": 180
      },
      "trend_cpd": {
        "n": 694,
        "days": 180,
        "mse": 0.9201011302932673,
        "direction_hit": 0.5259365994236311,
        "pooled_pearson": 0.10499665369268205,
        "mean_daily_rank_ic": 0.08944444444444444,
        "rank_days": 180
      },
      "relative_mse_skill": -0.0024952331770344838,
      "daily_rank_ic_increment": -0.03666666666666668,
      "train_mean_mse": 0.9190266555379756,
      "per_seed_relative_skill": [
        -0.004028488214929071,
        -0.001193604954109695,
        -0.002094853862401269
      ]
    },
    {
      "dates": [
        "2023-07-01",
        "2024-01-01"
      ],
      "trend": {
        "n": 915,
        "days": 183,
        "mse": 2.04969711402244,
        "direction_hit": 0.5202185792349727,
        "pooled_pearson": 0.025170467961222853,
        "mean_daily_rank_ic": -0.016939890710382505,
        "rank_days": 183
      },
      "trend_cpd": {
        "n": 915,
        "days": 183,
        "mse": 2.051503069227234,
        "direction_hit": 0.5092896174863388,
        "pooled_pearson": 0.03057449847872426,
        "mean_daily_rank_ic": 0.006010928961748641,
        "rank_days": 183
      },
      "relative_mse_skill": -0.0008810839379336244,
      "daily_rank_ic_increment": 0.022950819672131147,
      "train_mean_mse": 2.04094706021556,
      "per_seed_relative_skill": [
        -0.0027437763537778714,
        0.0009030616829375226,
        -0.0008651905866139398
      ]
    },
    {
      "dates": [
        "2024-01-01",
        "2024-05-01"
      ],
      "trend": {
        "n": 600,
        "days": 120,
        "mse": 1.2744660726980352,
        "direction_hit": 0.5083333333333333,
        "pooled_pearson": 0.04674284005046041,
        "mean_daily_rank_ic": 0.11,
        "rank_days": 120
      },
      "trend_cpd": {
        "n": 600,
        "days": 120,
        "mse": 1.2731135995546667,
        "direction_hit": 0.51,
        "pooled_pearson": 0.06305694302668605,
        "mean_daily_rank_ic": -0.00750000000000001,
        "rank_days": 120
      },
      "relative_mse_skill": 0.0010612076479252774,
      "daily_rank_ic_increment": -0.11750000000000001,
      "train_mean_mse": 1.2670010195662478,
      "per_seed_relative_skill": [
        -0.003162943196563406,
        0.0011046060162241966,
        0.0028698199102352717
      ]
    }
  ],
  "gate": {
    "positive_skill_in_at_least_two_blocks": false,
    "positive_skill_for_at_least_two_seeds": false,
    "aggregate_date_mean_improvement_positive": false,
    "bootstrap_lower_bound_positive": false,
    "mean_rank_ic_increment_at_least_001": false
  }
}
